// Jest Snapshot v1, https://goo.gl/fbAQLP

exports[`App component renders App 1`] = `
<DocumentFragment>
  <div
    class="appSection"
  >
    <h2>
      Get Simpsons Quotes
    </h2>
    <button>
      Fetch a Quote
    </button>
  </div>
</DocumentFragment>
`;
